mode: set
github.com/adi290491/productivity-planner/user-service/models/User.go:16.31,20.2 1 0
github.com/adi290491/productivity-planner/user-service/models/UserDao.go:16.68,23.25 4 0
github.com/adi290491/productivity-planner/user-service/models/UserDao.go:23.25,25.3 1 0
github.com/adi290491/productivity-planner/user-service/models/UserDao.go:27.2,27.18 1 0
github.com/adi290491/productivity-planner/user-service/models/UserDao.go:30.68,37.53 5 0
github.com/adi290491/productivity-planner/user-service/models/UserDao.go:37.53,39.3 1 0
github.com/adi290491/productivity-planner/user-service/models/UserDao.go:41.2,41.25 1 0
github.com/adi290491/productivity-planner/user-service/models/UserDao.go:41.25,43.3 1 0
github.com/adi290491/productivity-planner/user-service/models/UserDao.go:45.2,45.19 1 0
github.com/adi290491/productivity-planner/user-service/models/userDao_testdb.go:14.60,22.2 1 0
github.com/adi290491/productivity-planner/user-service/models/userDao_testdb.go:24.57,26.45 1 0
github.com/adi290491/productivity-planner/user-service/models/userDao_testdb.go:26.45,28.3 1 0
github.com/adi290491/productivity-planner/user-service/models/userDao_testdb.go:30.2,35.8 1 0
github.com/adi290491/productivity-planner/user-service/config/config.go:33.37,42.2 1 0
github.com/adi290491/productivity-planner/user-service/config/config.go:44.35,45.15 1 0
github.com/adi290491/productivity-planner/user-service/config/config.go:45.15,47.3 1 0
github.com/adi290491/productivity-planner/user-service/config/config.go:48.2,48.22 1 0
github.com/adi290491/productivity-planner/user-service/config/config.go:51.24,54.19 2 0
github.com/adi290491/productivity-planner/user-service/config/config.go:54.19,56.3 1 0
github.com/adi290491/productivity-planner/user-service/config/config.go:58.2,59.16 2 0
github.com/adi290491/productivity-planner/user-service/config/config.go:59.16,61.3 1 0
github.com/adi290491/productivity-planner/user-service/config/config.go:63.2,81.16 4 0
github.com/adi290491/productivity-planner/user-service/config/config.go:81.16,83.3 1 0
github.com/adi290491/productivity-planner/user-service/config/config.go:85.2,85.23 1 0
github.com/adi290491/productivity-planner/user-service/config/config.go:85.23,94.3 8 0
github.com/adi290491/productivity-planner/user-service/config/config.go:96.2,113.18 3 0
github.com/adi290491/productivity-planner/user-service/config/config.go:117.43,122.23 4 0
github.com/adi290491/productivity-planner/user-service/config/config.go:122.23,124.3 1 0
github.com/adi290491/productivity-planner/user-service/config/config.go:124.8,126.3 1 0
github.com/adi290491/productivity-planner/user-service/config/config.go:128.2,128.19 1 0
github.com/adi290491/productivity-planner/user-service/config/config.go:131.39,134.16 2 0
github.com/adi290491/productivity-planner/user-service/config/config.go:134.16,137.3 2 0
github.com/adi290491/productivity-planner/user-service/config/config.go:139.2,139.40 1 0
github.com/adi290491/productivity-planner/user-service/config/config.go:143.33,148.2 1 0
github.com/adi290491/productivity-planner/user-service/models/User.go:16.31,20.2 1 0
github.com/adi290491/productivity-planner/user-service/models/UserDao.go:16.68,23.25 4 0
github.com/adi290491/productivity-planner/user-service/models/UserDao.go:23.25,25.3 1 0
github.com/adi290491/productivity-planner/user-service/models/UserDao.go:27.2,27.18 1 0
github.com/adi290491/productivity-planner/user-service/models/UserDao.go:30.68,37.53 5 0
github.com/adi290491/productivity-planner/user-service/models/UserDao.go:37.53,39.3 1 0
github.com/adi290491/productivity-planner/user-service/models/UserDao.go:41.2,41.25 1 0
github.com/adi290491/productivity-planner/user-service/models/UserDao.go:41.25,43.3 1 0
github.com/adi290491/productivity-planner/user-service/models/UserDao.go:45.2,45.19 1 0
github.com/adi290491/productivity-planner/user-service/models/userDao_testdb.go:14.60,22.2 1 0
github.com/adi290491/productivity-planner/user-service/models/userDao_testdb.go:24.57,26.45 1 0
github.com/adi290491/productivity-planner/user-service/models/userDao_testdb.go:26.45,28.3 1 0
github.com/adi290491/productivity-planner/user-service/models/userDao_testdb.go:30.2,35.8 1 0
github.com/adi290491/productivity-planner/user-service/utils/jwtUtils.go:16.68,24.16 3 0
github.com/adi290491/productivity-planner/user-service/utils/jwtUtils.go:24.16,26.3 1 0
github.com/adi290491/productivity-planner/user-service/utils/jwtUtils.go:28.2,28.19 1 0
github.com/adi290491/productivity-planner/user-service/utils/jwtUtils.go:31.59,32.83 1 0
github.com/adi290491/productivity-planner/user-service/utils/jwtUtils.go:32.83,34.3 1 0
github.com/adi290491/productivity-planner/user-service/utils/jwtUtils.go:36.2,36.16 1 0
github.com/adi290491/productivity-planner/user-service/utils/jwtUtils.go:36.16,38.3 1 0
github.com/adi290491/productivity-planner/user-service/utils/jwtUtils.go:40.2,40.18 1 0
github.com/adi290491/productivity-planner/user-service/utils/jwtUtils.go:40.18,42.3 1 0
github.com/adi290491/productivity-planner/user-service/utils/jwtUtils.go:44.2,44.12 1 0
github.com/adi290491/productivity-planner/user-service/utils/utils.go:5.52,8.2 2 0
github.com/adi290491/productivity-planner/user-service/utils/utils.go:10.58,12.2 1 0
github.com/adi290491/productivity-planner/user-service/cmd/db.go:11.42,16.16 4 0
github.com/adi290491/productivity-planner/user-service/cmd/db.go:16.16,18.3 1 0
github.com/adi290491/productivity-planner/user-service/cmd/db.go:20.2,22.19 2 0
github.com/adi290491/productivity-planner/user-service/cmd/errorhandler.go:10.61,15.2 1 0
github.com/adi290491/productivity-planner/user-service/cmd/handler.go:17.42,20.47 2 0
github.com/adi290491/productivity-planner/user-service/cmd/handler.go:20.47,23.3 2 0
github.com/adi290491/productivity-planner/user-service/cmd/handler.go:25.2,27.16 2 0
github.com/adi290491/productivity-planner/user-service/cmd/handler.go:27.16,30.3 2 0
github.com/adi290491/productivity-planner/user-service/cmd/handler.go:32.2,38.4 1 0
github.com/adi290491/productivity-planner/user-service/cmd/handler.go:41.41,44.47 2 0
github.com/adi290491/productivity-planner/user-service/cmd/handler.go:44.47,47.3 2 0
github.com/adi290491/productivity-planner/user-service/cmd/handler.go:49.2,51.16 2 0
github.com/adi290491/productivity-planner/user-service/cmd/handler.go:51.16,54.3 2 0
github.com/adi290491/productivity-planner/user-service/cmd/handler.go:56.2,58.16 2 0
github.com/adi290491/productivity-planner/user-service/cmd/handler.go:58.16,61.3 2 0
github.com/adi290491/productivity-planner/user-service/cmd/handler.go:63.2,63.46 1 0
github.com/adi290491/productivity-planner/user-service/cmd/loadEnv.go:3.17,5.2 0 0
github.com/adi290491/productivity-planner/user-service/cmd/main.go:14.14,19.2 0 1
github.com/adi290491/productivity-planner/user-service/cmd/main.go:21.13,25.26 2 0
github.com/adi290491/productivity-planner/user-service/cmd/main.go:25.26,27.3 1 0
github.com/adi290491/productivity-planner/user-service/cmd/main.go:29.2,53.74 7 0
github.com/adi290491/productivity-planner/user-service/cmd/main.go:53.74,55.3 1 0
github.com/adi290491/productivity-planner/user-service/cmd/routes.go:7.51,11.2 2 1
github.com/adi290491/productivity-planner/user-service/models/User.go:16.31,20.2 1 0
github.com/adi290491/productivity-planner/user-service/models/UserDao.go:16.68,23.25 4 0
github.com/adi290491/productivity-planner/user-service/models/UserDao.go:23.25,25.3 1 0
github.com/adi290491/productivity-planner/user-service/models/UserDao.go:27.2,27.18 1 0
github.com/adi290491/productivity-planner/user-service/models/UserDao.go:30.68,37.53 5 0
github.com/adi290491/productivity-planner/user-service/models/UserDao.go:37.53,39.3 1 0
github.com/adi290491/productivity-planner/user-service/models/UserDao.go:41.2,41.25 1 0
github.com/adi290491/productivity-planner/user-service/models/UserDao.go:41.25,43.3 1 0
github.com/adi290491/productivity-planner/user-service/models/UserDao.go:45.2,45.19 1 0
github.com/adi290491/productivity-planner/user-service/models/userDao_testdb.go:14.60,22.2 1 0
github.com/adi290491/productivity-planner/user-service/models/userDao_testdb.go:24.57,26.45 1 0
github.com/adi290491/productivity-planner/user-service/models/userDao_testdb.go:26.45,28.3 1 0
github.com/adi290491/productivity-planner/user-service/models/userDao_testdb.go:30.2,35.8 1 0
github.com/adi290491/productivity-planner/user-service/models/User.go:16.31,20.2 1 0
github.com/adi290491/productivity-planner/user-service/models/UserDao.go:16.68,23.25 4 0
github.com/adi290491/productivity-planner/user-service/models/UserDao.go:23.25,25.3 1 0
github.com/adi290491/productivity-planner/user-service/models/UserDao.go:27.2,27.18 1 0
github.com/adi290491/productivity-planner/user-service/models/UserDao.go:30.68,37.53 5 0
github.com/adi290491/productivity-planner/user-service/models/UserDao.go:37.53,39.3 1 0
github.com/adi290491/productivity-planner/user-service/models/UserDao.go:41.2,41.25 1 0
github.com/adi290491/productivity-planner/user-service/models/UserDao.go:41.25,43.3 1 0
github.com/adi290491/productivity-planner/user-service/models/UserDao.go:45.2,45.19 1 0
github.com/adi290491/productivity-planner/user-service/models/userDao_testdb.go:14.60,22.2 1 0
github.com/adi290491/productivity-planner/user-service/models/userDao_testdb.go:24.57,26.45 1 0
github.com/adi290491/productivity-planner/user-service/models/userDao_testdb.go:26.45,28.3 1 0
github.com/adi290491/productivity-planner/user-service/models/userDao_testdb.go:30.2,35.8 1 0
github.com/adi290491/productivity-planner/user-service/user/mock_service.go:13.71,20.2 1 0
github.com/adi290491/productivity-planner/user-service/user/mock_service.go:24.73,25.63 1 0
github.com/adi290491/productivity-planner/user-service/user/mock_service.go:25.63,32.3 1 0
github.com/adi290491/productivity-planner/user-service/user/mock_service.go:33.2,33.47 1 0
github.com/adi290491/productivity-planner/user-service/user/user_service.go:15.71,17.16 2 0
github.com/adi290491/productivity-planner/user-service/user/user_service.go:17.16,19.3 1 0
github.com/adi290491/productivity-planner/user-service/user/user_service.go:21.2,30.16 3 0
github.com/adi290491/productivity-planner/user-service/user/user_service.go:30.16,32.3 1 0
github.com/adi290491/productivity-planner/user-service/user/user_service.go:34.2,34.22 1 0
github.com/adi290491/productivity-planner/user-service/user/user_service.go:37.74,45.16 3 0
github.com/adi290491/productivity-planner/user-service/user/user_service.go:45.16,47.3 1 0
github.com/adi290491/productivity-planner/user-service/user/user_service.go:49.2,51.16 2 0
github.com/adi290491/productivity-planner/user-service/user/user_service.go:51.16,53.3 1 0
github.com/adi290491/productivity-planner/user-service/user/user_service.go:55.2,55.24 1 0
